Archive member included because of file (symbol)

c:/winavr-20100110/bin/../lib/gcc/avr/4.3.3/avr5\libgcc.a(_exit.o)
                              c:/winavr-20100110/bin/../lib/gcc/avr/4.3.3/../../../../avr/lib/avr5/crtm16a.o (exit)
c:/winavr-20100110/bin/../lib/gcc/avr/4.3.3/avr5\libgcc.a(_copy_data.o)
                              Display_EPD_W21.o (__do_copy_data)
c:/winavr-20100110/bin/../lib/gcc/avr/4.3.3/avr5\libgcc.a(_clear_bss.o)
                              main.o (__do_clear_bss)

Memory Configuration

Name             Origin             Length             Attributes
text             0x00000000         0x00020000         xr
data             0x00800060         0x0000ffa0         rw !x
eeprom           0x00810000         0x00010000         rw !x
fuse             0x00820000         0x00000400         rw !x
lock             0x00830000         0x00000400         rw !x
signature        0x00840000         0x00000400         rw !x
*default*        0x00000000         0xffffffff

Linker script and memory map

LOAD c:/winavr-20100110/bin/../lib/gcc/avr/4.3.3/../../../../avr/lib/avr5/crtm16a.o
LOAD Display_EPD_W21.o
LOAD Display_EPD_W21_Aux.o
LOAD main.o
LOAD c:/winavr-20100110/bin/../lib/gcc/avr/4.3.3/../../../../avr/lib/avr5\libm.a
LOAD c:/winavr-20100110/bin/../lib/gcc/avr/4.3.3/avr5\libgcc.a
LOAD c:/winavr-20100110/bin/../lib/gcc/avr/4.3.3/../../../../avr/lib/avr5\libc.a
LOAD c:/winavr-20100110/bin/../lib/gcc/avr/4.3.3/avr5\libgcc.a

.hash
 *(.hash)

.dynsym
 *(.dynsym)

.dynstr
 *(.dynstr)

.gnu.version
 *(.gnu.version)

.gnu.version_d
 *(.gnu.version_d)

.gnu.version_r
 *(.gnu.version_r)

.rel.init
 *(.rel.init)

.rela.init
 *(.rela.init)

.rel.text
 *(.rel.text)
 *(.rel.text.*)
 *(.rel.gnu.linkonce.t*)

.rela.text
 *(.rela.text)
 *(.rela.text.*)
 *(.rela.gnu.linkonce.t*)

.rel.fini
 *(.rel.fini)

.rela.fini
 *(.rela.fini)

.rel.rodata
 *(.rel.rodata)
 *(.rel.rodata.*)
 *(.rel.gnu.linkonce.r*)

.rela.rodata
 *(.rela.rodata)
 *(.rela.rodata.*)
 *(.rela.gnu.linkonce.r*)

.rel.data
 *(.rel.data)
 *(.rel.data.*)
 *(.rel.gnu.linkonce.d*)

.rela.data
 *(.rela.data)
 *(.rela.data.*)
 *(.rela.gnu.linkonce.d*)

.rel.ctors
 *(.rel.ctors)

.rela.ctors
 *(.rela.ctors)

.rel.dtors
 *(.rel.dtors)

.rela.dtors
 *(.rela.dtors)

.rel.got
 *(.rel.got)

.rela.got
 *(.rela.got)

.rel.bss
 *(.rel.bss)

.rela.bss
 *(.rela.bss)

.rel.plt
 *(.rel.plt)

.rela.plt
 *(.rela.plt)

.text           0x00000000     0x25a6
 *(.vectors)
 .vectors       0x00000000       0x54 c:/winavr-20100110/bin/../lib/gcc/avr/4.3.3/../../../../avr/lib/avr5/crtm16a.o
                0x00000000                __vectors
                0x00000000                __vector_default
 *(.vectors)
 *(.progmem.gcc*)
 *(.progmem*)
 .progmem.data  0x00000054     0x198f main.o
                0x00000993                gImage_3
                0x000003ab                gImage_0
                0x0000136b                gImage_8
                0x0000079b                gImage_2
                0x00000d83                gImage_5
                0x000005a3                gImage_1
                0x00001173                gImage_7
                0x0000175b                d
                0x00000b8b                gImage_4
                0x000002e3                gImage_t40
                0x00000144                gImage_DC6
                0x00000f7b                gImage_6
                0x00001563                gImage_9
                0x00000054                gImage_t48
                0x000019e4                . = ALIGN (0x2)
 *fill*         0x000019e3        0x1 00
                0x000019e4                __trampolines_start = .
 *(.trampolines)
 .trampolines   0x000019e4        0x0 linker stubs
 *(.trampolines*)
                0x000019e4                __trampolines_end = .
 *(.jumptables)
 *(.jumptables*)
 *(.lowtext)
 *(.lowtext*)
                0x000019e4                __ctors_start = .
 *(.ctors)
                0x000019e4                __ctors_end = .
                0x000019e4                __dtors_start = .
 *(.dtors)
                0x000019e4                __dtors_end = .
 SORT(*)(.ctors)
 SORT(*)(.dtors)
 *(.init0)
 .init0         0x000019e4        0x0 c:/winavr-20100110/bin/../lib/gcc/avr/4.3.3/../../../../avr/lib/avr5/crtm16a.o
                0x000019e4                __init
 *(.init0)
 *(.init1)
 *(.init1)
 *(.init2)
 .init2         0x000019e4        0xc c:/winavr-20100110/bin/../lib/gcc/avr/4.3.3/../../../../avr/lib/avr5/crtm16a.o
 *(.init2)
 *(.init3)
 *(.init3)
 *(.init4)
 .init4         0x000019f0       0x16 c:/winavr-20100110/bin/../lib/gcc/avr/4.3.3/avr5\libgcc.a(_copy_data.o)
                0x000019f0                __do_copy_data
 .init4         0x00001a06       0x10 c:/winavr-20100110/bin/../lib/gcc/avr/4.3.3/avr5\libgcc.a(_clear_bss.o)
                0x00001a06                __do_clear_bss
 *(.init4)
 *(.init5)
 *(.init5)
 *(.init6)
 *(.init6)
 *(.init7)
 *(.init7)
 *(.init8)
 *(.init8)
 *(.init9)
 .init9         0x00001a16        0x8 c:/winavr-20100110/bin/../lib/gcc/avr/4.3.3/../../../../avr/lib/avr5/crtm16a.o
 *(.init9)
 *(.text)
 .text          0x00001a1e        0x4 c:/winavr-20100110/bin/../lib/gcc/avr/4.3.3/../../../../avr/lib/avr5/crtm16a.o
                0x00001a1e                __vector_1
                0x00001a1e                __vector_12
                0x00001a1e                __bad_interrupt
                0x00001a1e                __vector_6
                0x00001a1e                __vector_3
                0x00001a1e                __vector_11
                0x00001a1e                __vector_13
                0x00001a1e                __vector_17
                0x00001a1e                __vector_19
                0x00001a1e                __vector_7
                0x00001a1e                __vector_5
                0x00001a1e                __vector_4
                0x00001a1e                __vector_9
                0x00001a1e                __vector_2
                0x00001a1e                __vector_15
                0x00001a1e                __vector_8
                0x00001a1e                __vector_14
                0x00001a1e                __vector_10
                0x00001a1e                __vector_16
                0x00001a1e                __vector_18
                0x00001a1e                __vector_20
 .text          0x00001a22      0x620 Display_EPD_W21.o
                0x00001ff4                EPD_Dis_Full
                0x00001e06                EPD_Dis_Part
                0x00001d1e                EPD_init_Part
                0x00001d32                EPD_init_Full
 .text          0x00002042       0x2a Display_EPD_W21_Aux.o
                0x00002042                SPI_Write
 .text          0x0000206c      0x536 main.o
                0x0000208a                main
                0x0000206c                PortInit
 .text          0x000025a2        0x0 c:/winavr-20100110/bin/../lib/gcc/avr/4.3.3/avr5\libgcc.a(_exit.o)
 .text          0x000025a2        0x0 c:/winavr-20100110/bin/../lib/gcc/avr/4.3.3/avr5\libgcc.a(_copy_data.o)
 .text          0x000025a2        0x0 c:/winavr-20100110/bin/../lib/gcc/avr/4.3.3/avr5\libgcc.a(_clear_bss.o)
                0x000025a2                . = ALIGN (0x2)
 *(.text.*)
 .text.libgcc   0x000025a2        0x0 c:/winavr-20100110/bin/../lib/gcc/avr/4.3.3/avr5\libgcc.a(_exit.o)
 .text.libgcc   0x000025a2        0x0 c:/winavr-20100110/bin/../lib/gcc/avr/4.3.3/avr5\libgcc.a(_copy_data.o)
 .text.libgcc   0x000025a2        0x0 c:/winavr-20100110/bin/../lib/gcc/avr/4.3.3/avr5\libgcc.a(_clear_bss.o)
                0x000025a2                . = ALIGN (0x2)
 *(.fini9)
 .fini9         0x000025a2        0x0 c:/winavr-20100110/bin/../lib/gcc/avr/4.3.3/avr5\libgcc.a(_exit.o)
                0x000025a2                exit
                0x000025a2                _exit
 *(.fini9)
 *(.fini8)
 *(.fini8)
 *(.fini7)
 *(.fini7)
 *(.fini6)
 *(.fini6)
 *(.fini5)
 *(.fini5)
 *(.fini4)
 *(.fini4)
 *(.fini3)
 *(.fini3)
 *(.fini2)
 *(.fini2)
 *(.fini1)
 *(.fini1)
 *(.fini0)
 .fini0         0x000025a2        0x4 c:/winavr-20100110/bin/../lib/gcc/avr/4.3.3/avr5\libgcc.a(_exit.o)
 *(.fini0)
                0x000025a6                _etext = .

.data           0x00800060      0x134 load address 0x000025a6
                0x00800060                PROVIDE (__data_start, .)
 *(.data)
 .data          0x00800060        0x0 c:/winavr-20100110/bin/../lib/gcc/avr/4.3.3/../../../../avr/lib/avr5/crtm16a.o
 .data          0x00800060       0x58 Display_EPD_W21.o
                0x00800072                BOOSTERFB
                0x00800060                GDOControl
                0x0080009a                LUTDefault_part
                0x00800078                BorderWavefrom
                0x00800076                Gatetime
                0x00800068                Rambypass
                0x00800074                DummyLine
                0x00800070                VCOMVol
                0x0080007a                RamDataEntryMode
                0x00800064                softstart
                0x0080006c                GDVol
                0x0080006a                MAsequency
                0x0080007c                LUTDefault_full
                0x0080006e                SDVol
 .data          0x008000b8        0x0 Display_EPD_W21_Aux.o
 .data          0x008000b8       0xdb main.o
                0x008000df                gImage_ddd
                0x00800127                gImage_n
                0x008000b8                gImage_dot
 .data          0x00800193        0x0 c:/winavr-20100110/bin/../lib/gcc/avr/4.3.3/avr5\libgcc.a(_exit.o)
 .data          0x00800193        0x0 c:/winavr-20100110/bin/../lib/gcc/avr/4.3.3/avr5\libgcc.a(_copy_data.o)
 .data          0x00800193        0x0 c:/winavr-20100110/bin/../lib/gcc/avr/4.3.3/avr5\libgcc.a(_clear_bss.o)
 *(.data*)
 *(.rodata)
 *(.rodata*)
 *(.gnu.linkonce.d*)
                0x00800194                . = ALIGN (0x2)
 *fill*         0x00800193        0x1 00
                0x00800194                _edata = .
                0x00800194                PROVIDE (__data_end, .)

.bss            0x00800194      0x280
                0x00800194                PROVIDE (__bss_start, .)
 *(.bss)
 .bss           0x00800194        0x0 c:/winavr-20100110/bin/../lib/gcc/avr/4.3.3/../../../../avr/lib/avr5/crtm16a.o
 .bss           0x00800194        0x0 Display_EPD_W21.o
 .bss           0x00800194        0x0 Display_EPD_W21_Aux.o
 .bss           0x00800194      0x280 main.o
                0x00800194                num
 .bss           0x00800414        0x0 c:/winavr-20100110/bin/../lib/gcc/avr/4.3.3/avr5\libgcc.a(_exit.o)
 .bss           0x00800414        0x0 c:/winavr-20100110/bin/../lib/gcc/avr/4.3.3/avr5\libgcc.a(_copy_data.o)
 .bss           0x00800414        0x0 c:/winavr-20100110/bin/../lib/gcc/avr/4.3.3/avr5\libgcc.a(_clear_bss.o)
 *(.bss*)
 *(COMMON)
                0x00800414                PROVIDE (__bss_end, .)
                0x000025a6                __data_load_start = LOADADDR (.data)
                0x000026da                __data_load_end = (__data_load_start + SIZEOF (.data))

.noinit         0x00800414        0x0
                0x00800414                PROVIDE (__noinit_start, .)
 *(.noinit*)
                0x00800414                PROVIDE (__noinit_end, .)
                0x00800414                _end = .
                0x00800414                PROVIDE (__heap_start, .)

.eeprom         0x00810000        0x0
 *(.eeprom*)
                0x00810000                __eeprom_end = .

.fuse
 *(.fuse)
 *(.lfuse)
 *(.hfuse)
 *(.efuse)

.lock
 *(.lock*)

.signature
 *(.signature*)

.stab
 *(.stab)

.stabstr
 *(.stabstr)

.stab.excl
 *(.stab.excl)

.stab.exclstr
 *(.stab.exclstr)

.stab.index
 *(.stab.index)

.stab.indexstr
 *(.stab.indexstr)

.comment
 *(.comment)

.debug
 *(.debug)

.line
 *(.line)

.debug_srcinfo
 *(.debug_srcinfo)

.debug_sfnames
 *(.debug_sfnames)

.debug_aranges  0x00000000       0x60
 *(.debug_aranges)
 .debug_aranges
                0x00000000       0x20 Display_EPD_W21.o
 .debug_aranges
                0x00000020       0x20 Display_EPD_W21_Aux.o
 .debug_aranges
                0x00000040       0x20 main.o

.debug_pubnames
                0x00000000      0x25b
 *(.debug_pubnames)
 .debug_pubnames
                0x00000000      0x12b Display_EPD_W21.o
 .debug_pubnames
                0x0000012b       0x20 Display_EPD_W21_Aux.o
 .debug_pubnames
                0x0000014b      0x110 main.o

.debug_info     0x00000000     0x1666
 *(.debug_info)
 .debug_info    0x00000000      0xb7d Display_EPD_W21.o
 .debug_info    0x00000b7d      0x1b5 Display_EPD_W21_Aux.o
 .debug_info    0x00000d32      0x934 main.o
 *(.gnu.linkonce.wi.*)

.debug_abbrev   0x00000000      0x4b9
 *(.debug_abbrev)
 .debug_abbrev  0x00000000      0x21f Display_EPD_W21.o
 .debug_abbrev  0x0000021f      0x101 Display_EPD_W21_Aux.o
 .debug_abbrev  0x00000320      0x199 main.o

.debug_line     0x00000000      0xd80
 *(.debug_line)
 .debug_line    0x00000000      0x732 Display_EPD_W21.o
 .debug_line    0x00000732      0x15d Display_EPD_W21_Aux.o
 .debug_line    0x0000088f      0x4f1 main.o

.debug_frame    0x00000000      0x140
 *(.debug_frame)
 .debug_frame   0x00000000       0xf0 Display_EPD_W21.o
 .debug_frame   0x000000f0       0x20 Display_EPD_W21_Aux.o
 .debug_frame   0x00000110       0x30 main.o

.debug_str      0x00000000      0x4a1
 *(.debug_str)
 .debug_str     0x00000000      0x3b5 Display_EPD_W21.o
                                0x3f4 (size before relaxing)
 .debug_str     0x000003b5       0x20 Display_EPD_W21_Aux.o
                                0x128 (size before relaxing)
 .debug_str     0x000003d5       0xcc main.o
                                0x1b1 (size before relaxing)

.debug_loc      0x00000000      0xbe5
 *(.debug_loc)
 .debug_loc     0x00000000      0x722 Display_EPD_W21.o
 .debug_loc     0x00000722       0x31 Display_EPD_W21_Aux.o
 .debug_loc     0x00000753      0x492 main.o

.debug_macinfo
 *(.debug_macinfo)
OUTPUT(main.elf elf32-avr)
LOAD linker stubs

.debug_ranges   0x00000000      0x168
 .debug_ranges  0x00000000       0xd8 Display_EPD_W21.o
 .debug_ranges  0x000000d8       0x48 Display_EPD_W21_Aux.o
 .debug_ranges  0x00000120       0x48 main.o

Cross Reference Table

Symbol                                            File
BOOSTERFB                                         Display_EPD_W21.o
BorderWavefrom                                    Display_EPD_W21.o
DummyLine                                         Display_EPD_W21.o
EPD_Dis_Full                                      Display_EPD_W21.o
                                                  main.o
EPD_Dis_Part                                      Display_EPD_W21.o
                                                  main.o
EPD_init_Full                                     Display_EPD_W21.o
                                                  main.o
EPD_init_Part                                     Display_EPD_W21.o
                                                  main.o
GDOControl                                        Display_EPD_W21.o
GDVol                                             Display_EPD_W21.o
Gatetime                                          Display_EPD_W21.o
LUTDefault_full                                   Display_EPD_W21.o
LUTDefault_part                                   Display_EPD_W21.o
MAsequency                                        Display_EPD_W21.o
PortInit                                          main.o
RamDataEntryMode                                  Display_EPD_W21.o
Rambypass                                         Display_EPD_W21.o
SDVol                                             Display_EPD_W21.o
SPI_Write                                         Display_EPD_W21_Aux.o
                                                  Display_EPD_W21.o
VCOMVol                                           Display_EPD_W21.o
__bad_interrupt                                   c:/winavr-20100110/bin/../lib/gcc/avr/4.3.3/../../../../avr/lib/avr5/crtm16a.o
__bss_end                                         c:/winavr-20100110/bin/../lib/gcc/avr/4.3.3/avr5\libgcc.a(_clear_bss.o)
__bss_start                                       c:/winavr-20100110/bin/../lib/gcc/avr/4.3.3/avr5\libgcc.a(_clear_bss.o)
__data_end                                        c:/winavr-20100110/bin/../lib/gcc/avr/4.3.3/avr5\libgcc.a(_copy_data.o)
__data_load_start                                 c:/winavr-20100110/bin/../lib/gcc/avr/4.3.3/avr5\libgcc.a(_copy_data.o)
__data_start                                      c:/winavr-20100110/bin/../lib/gcc/avr/4.3.3/avr5\libgcc.a(_copy_data.o)
__do_clear_bss                                    c:/winavr-20100110/bin/../lib/gcc/avr/4.3.3/avr5\libgcc.a(_clear_bss.o)
                                                  main.o
__do_copy_data                                    c:/winavr-20100110/bin/../lib/gcc/avr/4.3.3/avr5\libgcc.a(_copy_data.o)
                                                  main.o
                                                  Display_EPD_W21.o
__heap_end                                        c:/winavr-20100110/bin/../lib/gcc/avr/4.3.3/../../../../avr/lib/avr5/crtm16a.o
__init                                            c:/winavr-20100110/bin/../lib/gcc/avr/4.3.3/../../../../avr/lib/avr5/crtm16a.o
__stack                                           c:/winavr-20100110/bin/../lib/gcc/avr/4.3.3/../../../../avr/lib/avr5/crtm16a.o
__vector_1                                        c:/winavr-20100110/bin/../lib/gcc/avr/4.3.3/../../../../avr/lib/avr5/crtm16a.o
__vector_10                                       c:/winavr-20100110/bin/../lib/gcc/avr/4.3.3/../../../../avr/lib/avr5/crtm16a.o
__vector_11                                       c:/winavr-20100110/bin/../lib/gcc/avr/4.3.3/../../../../avr/lib/avr5/crtm16a.o
__vector_12                                       c:/winavr-20100110/bin/../lib/gcc/avr/4.3.3/../../../../avr/lib/avr5/crtm16a.o
__vector_13                                       c:/winavr-20100110/bin/../lib/gcc/avr/4.3.3/../../../../avr/lib/avr5/crtm16a.o
__vector_14                                       c:/winavr-20100110/bin/../lib/gcc/avr/4.3.3/../../../../avr/lib/avr5/crtm16a.o
__vector_15                                       c:/winavr-20100110/bin/../lib/gcc/avr/4.3.3/../../../../avr/lib/avr5/crtm16a.o
__vector_16                                       c:/winavr-20100110/bin/../lib/gcc/avr/4.3.3/../../../../avr/lib/avr5/crtm16a.o
__vector_17                                       c:/winavr-20100110/bin/../lib/gcc/avr/4.3.3/../../../../avr/lib/avr5/crtm16a.o
__vector_18                                       c:/winavr-20100110/bin/../lib/gcc/avr/4.3.3/../../../../avr/lib/avr5/crtm16a.o
__vector_19                                       c:/winavr-20100110/bin/../lib/gcc/avr/4.3.3/../../../../avr/lib/avr5/crtm16a.o
__vector_2                                        c:/winavr-20100110/bin/../lib/gcc/avr/4.3.3/../../../../avr/lib/avr5/crtm16a.o
__vector_20                                       c:/winavr-20100110/bin/../lib/gcc/avr/4.3.3/../../../../avr/lib/avr5/crtm16a.o
__vector_3                                        c:/winavr-20100110/bin/../lib/gcc/avr/4.3.3/../../../../avr/lib/avr5/crtm16a.o
__vector_4                                        c:/winavr-20100110/bin/../lib/gcc/avr/4.3.3/../../../../avr/lib/avr5/crtm16a.o
__vector_5                                        c:/winavr-20100110/bin/../lib/gcc/avr/4.3.3/../../../../avr/lib/avr5/crtm16a.o
__vector_6                                        c:/winavr-20100110/bin/../lib/gcc/avr/4.3.3/../../../../avr/lib/avr5/crtm16a.o
__vector_7                                        c:/winavr-20100110/bin/../lib/gcc/avr/4.3.3/../../../../avr/lib/avr5/crtm16a.o
__vector_8                                        c:/winavr-20100110/bin/../lib/gcc/avr/4.3.3/../../../../avr/lib/avr5/crtm16a.o
__vector_9                                        c:/winavr-20100110/bin/../lib/gcc/avr/4.3.3/../../../../avr/lib/avr5/crtm16a.o
__vector_default                                  c:/winavr-20100110/bin/../lib/gcc/avr/4.3.3/../../../../avr/lib/avr5/crtm16a.o
__vectors                                         c:/winavr-20100110/bin/../lib/gcc/avr/4.3.3/../../../../avr/lib/avr5/crtm16a.o
_exit                                             c:/winavr-20100110/bin/../lib/gcc/avr/4.3.3/avr5\libgcc.a(_exit.o)
d                                                 main.o
exit                                              c:/winavr-20100110/bin/../lib/gcc/avr/4.3.3/avr5\libgcc.a(_exit.o)
                                                  c:/winavr-20100110/bin/../lib/gcc/avr/4.3.3/../../../../avr/lib/avr5/crtm16a.o
gImage_0                                          main.o
gImage_1                                          main.o
gImage_2                                          main.o
gImage_3                                          main.o
gImage_4                                          main.o
gImage_5                                          main.o
gImage_6                                          main.o
gImage_7                                          main.o
gImage_8                                          main.o
gImage_9                                          main.o
gImage_DC6                                        main.o
gImage_ddd                                        main.o
gImage_dot                                        main.o
gImage_n                                          main.o
gImage_t40                                        main.o
gImage_t48                                        main.o
main                                              main.o
                                                  c:/winavr-20100110/bin/../lib/gcc/avr/4.3.3/../../../../avr/lib/avr5/crtm16a.o
num                                               main.o
softstart                                         Display_EPD_W21.o
