Archive member included because of file (symbol)

c:/winavr-20100110/bin/../lib/gcc/avr/4.3.3/../../../../avr/lib/avr4\libm.a(addsf3.o)
                              A7139.o (__subsf3)
c:/winavr-20100110/bin/../lib/gcc/avr/4.3.3/../../../../avr/lib/avr4\libm.a(addsf3x.o)
                              c:/winavr-20100110/bin/../lib/gcc/avr/4.3.3/../../../../avr/lib/avr4\libm.a(addsf3.o) (__addsf3x)
c:/winavr-20100110/bin/../lib/gcc/avr/4.3.3/../../../../avr/lib/avr4\libm.a(cmpsf2.o)
                              A7139.o (__ltsf2)
c:/winavr-20100110/bin/../lib/gcc/avr/4.3.3/../../../../avr/lib/avr4\libm.a(divsf3.o)
                              A7139.o (__divsf3)
c:/winavr-20100110/bin/../lib/gcc/avr/4.3.3/../../../../avr/lib/avr4\libm.a(divsf3x.o)
                              c:/winavr-20100110/bin/../lib/gcc/avr/4.3.3/../../../../avr/lib/avr4\libm.a(divsf3.o) (__divsf3x)
c:/winavr-20100110/bin/../lib/gcc/avr/4.3.3/../../../../avr/lib/avr4\libm.a(fixunssfsi.o)
                              A7139.o (__fixunssfsi)
c:/winavr-20100110/bin/../lib/gcc/avr/4.3.3/../../../../avr/lib/avr4\libm.a(floatsisf.o)
                              A7139.o (__floatsisf)
c:/winavr-20100110/bin/../lib/gcc/avr/4.3.3/../../../../avr/lib/avr4\libm.a(fp_cmp.o)
                              c:/winavr-20100110/bin/../lib/gcc/avr/4.3.3/../../../../avr/lib/avr4\libm.a(cmpsf2.o) (__fp_cmp)
c:/winavr-20100110/bin/../lib/gcc/avr/4.3.3/../../../../avr/lib/avr4\libm.a(fp_inf.o)
                              c:/winavr-20100110/bin/../lib/gcc/avr/4.3.3/../../../../avr/lib/avr4\libm.a(addsf3x.o) (__fp_inf)
c:/winavr-20100110/bin/../lib/gcc/avr/4.3.3/../../../../avr/lib/avr4\libm.a(fp_nan.o)
                              c:/winavr-20100110/bin/../lib/gcc/avr/4.3.3/../../../../avr/lib/avr4\libm.a(addsf3x.o) (__fp_nan)
c:/winavr-20100110/bin/../lib/gcc/avr/4.3.3/../../../../avr/lib/avr4\libm.a(fp_pscA.o)
                              c:/winavr-20100110/bin/../lib/gcc/avr/4.3.3/../../../../avr/lib/avr4\libm.a(addsf3x.o) (__fp_pscA)
c:/winavr-20100110/bin/../lib/gcc/avr/4.3.3/../../../../avr/lib/avr4\libm.a(fp_pscB.o)
                              c:/winavr-20100110/bin/../lib/gcc/avr/4.3.3/../../../../avr/lib/avr4\libm.a(addsf3x.o) (__fp_pscB)
c:/winavr-20100110/bin/../lib/gcc/avr/4.3.3/../../../../avr/lib/avr4\libm.a(fp_round.o)
                              c:/winavr-20100110/bin/../lib/gcc/avr/4.3.3/../../../../avr/lib/avr4\libm.a(addsf3.o) (__fp_round)
c:/winavr-20100110/bin/../lib/gcc/avr/4.3.3/../../../../avr/lib/avr4\libm.a(fp_split3.o)
                              c:/winavr-20100110/bin/../lib/gcc/avr/4.3.3/../../../../avr/lib/avr4\libm.a(addsf3x.o) (__fp_split3)
c:/winavr-20100110/bin/../lib/gcc/avr/4.3.3/../../../../avr/lib/avr4\libm.a(fp_zero.o)
                              c:/winavr-20100110/bin/../lib/gcc/avr/4.3.3/../../../../avr/lib/avr4\libm.a(addsf3x.o) (__fp_zero)
c:/winavr-20100110/bin/../lib/gcc/avr/4.3.3/../../../../avr/lib/avr4\libm.a(mulsf3.o)
                              A7139.o (__mulsf3)
c:/winavr-20100110/bin/../lib/gcc/avr/4.3.3/../../../../avr/lib/avr4\libm.a(mulsf3x.o)
                              c:/winavr-20100110/bin/../lib/gcc/avr/4.3.3/../../../../avr/lib/avr4\libm.a(mulsf3.o) (__mulsf3x)
c:/winavr-20100110/bin/../lib/gcc/avr/4.3.3/avr4\libgcc.a(_exit.o)
                              c:/winavr-20100110/bin/../lib/gcc/avr/4.3.3/../../../../avr/lib/avr4/crtm48p.o (exit)
c:/winavr-20100110/bin/../lib/gcc/avr/4.3.3/avr4\libgcc.a(_copy_data.o)
                              A7139.o (__do_copy_data)
c:/winavr-20100110/bin/../lib/gcc/avr/4.3.3/avr4\libgcc.a(_clear_bss.o)
                              main.o (__do_clear_bss)
c:/winavr-20100110/bin/../lib/gcc/avr/4.3.3/../../../../avr/lib/avr4\libc.a(memset.o)
                              main.o (memset)

Memory Configuration

Name             Origin             Length             Attributes
text             0x00000000         0x00002000         xr
data             0x00800060         0x0000ffa0         rw !x
eeprom           0x00810000         0x00010000         rw !x
fuse             0x00820000         0x00000400         rw !x
lock             0x00830000         0x00000400         rw !x
signature        0x00840000         0x00000400         rw !x
*default*        0x00000000         0xffffffff

Linker script and memory map

Address of section .data set to 0x800100
LOAD c:/winavr-20100110/bin/../lib/gcc/avr/4.3.3/../../../../avr/lib/avr4/crtm48p.o
LOAD A7139.o
LOAD main.o
LOAD c:/winavr-20100110/bin/../lib/gcc/avr/4.3.3/../../../../avr/lib/avr4\libm.a
LOAD c:/winavr-20100110/bin/../lib/gcc/avr/4.3.3/avr4\libgcc.a
LOAD c:/winavr-20100110/bin/../lib/gcc/avr/4.3.3/../../../../avr/lib/avr4\libc.a
LOAD c:/winavr-20100110/bin/../lib/gcc/avr/4.3.3/avr4\libgcc.a

.hash
 *(.hash)

.dynsym
 *(.dynsym)

.dynstr
 *(.dynstr)

.gnu.version
 *(.gnu.version)

.gnu.version_d
 *(.gnu.version_d)

.gnu.version_r
 *(.gnu.version_r)

.rel.init
 *(.rel.init)

.rela.init
 *(.rela.init)

.rel.text
 *(.rel.text)
 *(.rel.text.*)
 *(.rel.gnu.linkonce.t*)

.rela.text
 *(.rela.text)
 *(.rela.text.*)
 *(.rela.gnu.linkonce.t*)

.rel.fini
 *(.rel.fini)

.rela.fini
 *(.rela.fini)

.rel.rodata
 *(.rel.rodata)
 *(.rel.rodata.*)
 *(.rel.gnu.linkonce.r*)

.rela.rodata
 *(.rela.rodata)
 *(.rela.rodata.*)
 *(.rela.gnu.linkonce.r*)

.rel.data
 *(.rel.data)
 *(.rel.data.*)
 *(.rel.gnu.linkonce.d*)

.rela.data
 *(.rela.data)
 *(.rela.data.*)
 *(.rela.gnu.linkonce.d*)

.rel.ctors
 *(.rel.ctors)

.rela.ctors
 *(.rela.ctors)

.rel.dtors
 *(.rel.dtors)

.rela.dtors
 *(.rela.dtors)

.rel.got
 *(.rel.got)

.rela.got
 *(.rela.got)

.rel.bss
 *(.rel.bss)

.rela.bss
 *(.rela.bss)

.rel.plt
 *(.rel.plt)

.rela.plt
 *(.rela.plt)

.text           0x00000000      0xf50
 *(.vectors)
 .vectors       0x00000000       0x34 c:/winavr-20100110/bin/../lib/gcc/avr/4.3.3/../../../../avr/lib/avr4/crtm48p.o
                0x00000000                __vectors
                0x00000000                __vector_default
 *(.vectors)
 *(.progmem.gcc*)
 .progmem.gcc_sw_table
                0x00000034       0x12 A7139.o
 *(.progmem*)
                0x00000046                . = ALIGN (0x2)
                0x00000046                __trampolines_start = .
 *(.trampolines)
 .trampolines   0x00000046        0x0 linker stubs
 *(.trampolines*)
                0x00000046                __trampolines_end = .
 *(.jumptables)
 *(.jumptables*)
 *(.lowtext)
 *(.lowtext*)
                0x00000046                __ctors_start = .
 *(.ctors)
                0x00000046                __ctors_end = .
                0x00000046                __dtors_start = .
 *(.dtors)
                0x00000046                __dtors_end = .
 SORT(*)(.ctors)
 SORT(*)(.dtors)
 *(.init0)
 .init0         0x00000046        0x0 c:/winavr-20100110/bin/../lib/gcc/avr/4.3.3/../../../../avr/lib/avr4/crtm48p.o
                0x00000046                __init
 *(.init0)
 *(.init1)
 *(.init1)
 *(.init2)
 .init2         0x00000046        0xc c:/winavr-20100110/bin/../lib/gcc/avr/4.3.3/../../../../avr/lib/avr4/crtm48p.o
 *(.init2)
 *(.init3)
 *(.init3)
 *(.init4)
 .init4         0x00000052       0x16 c:/winavr-20100110/bin/../lib/gcc/avr/4.3.3/avr4\libgcc.a(_copy_data.o)
                0x00000052                __do_copy_data
 .init4         0x00000068       0x10 c:/winavr-20100110/bin/../lib/gcc/avr/4.3.3/avr4\libgcc.a(_clear_bss.o)
                0x00000068                __do_clear_bss
 *(.init4)
 *(.init5)
 *(.init5)
 *(.init6)
 *(.init6)
 *(.init7)
 *(.init7)
 *(.init8)
 *(.init8)
 *(.init9)
 .init9         0x00000078        0x4 c:/winavr-20100110/bin/../lib/gcc/avr/4.3.3/../../../../avr/lib/avr4/crtm48p.o
 *(.init9)
 *(.text)
 .text          0x0000007c        0x2 c:/winavr-20100110/bin/../lib/gcc/avr/4.3.3/../../../../avr/lib/avr4/crtm48p.o
                0x0000007c                __vector_22
                0x0000007c                __vector_1
                0x0000007c                __vector_24
                0x0000007c                __vector_12
                0x0000007c                __bad_interrupt
                0x0000007c                __vector_6
                0x0000007c                __vector_3
                0x0000007c                __vector_23
                0x0000007c                __vector_25
                0x0000007c                __vector_11
                0x0000007c                __vector_17
                0x0000007c                __vector_19
                0x0000007c                __vector_7
                0x0000007c                __vector_5
                0x0000007c                __vector_4
                0x0000007c                __vector_2
                0x0000007c                __vector_21
                0x0000007c                __vector_15
                0x0000007c                __vector_8
                0x0000007c                __vector_14
                0x0000007c                __vector_10
                0x0000007c                __vector_20
 .text          0x0000007e      0x696 A7139.o
                0x00000450                A7139_ReadPID
                0x000006a4                A7139_SetPowerLevel
                0x0000051c                A7139_ReadFIFO
                0x00000414                A7139_ReadCID
                0x0000045e                A7139_SetDataRate
                0x0000022a                A7139_Init
                0x00000642                A7139_WOR_BySync
                0x00000614                A7139_WOT
                0x000004de                A7139_WriteFIFO
                0x00000670                A7139_WOR_ByPreamble
                0x00000592                A7139_IsBatteryLow
                0x000001ea                A7139_SetCID
                0x000000c2                SPIx_WriteWord
                0x0000056c                A7139_SetPackLen
                0x000001e2                StrobeCmd
                0x000005c4                A7139_GetRSSI
                0x0000007e                SPIx_WriteByte
                0x000000e4                SPIx_ReadWord
                0x000000a0                SPIx_ReadByte
 .text          0x00000714      0x406 main.o
                0x00000826                StopScan
                0x00000916                RecvData
                0x0000074a                U0Send
                0x00000858                __vector_13
                0x00000732                UartInit
                0x00000950                main
                0x00000714                PortInit
                0x000008be                __vector_9
                0x0000093e                A7139Send
                0x000007cc                __vector_16
                0x0000076c                __vector_18
 .text          0x00000b1a        0x0 c:/winavr-20100110/bin/../lib/gcc/avr/4.3.3/../../../../avr/lib/avr4\libm.a(addsf3.o)
 .text          0x00000b1a        0x0 c:/winavr-20100110/bin/../lib/gcc/avr/4.3.3/../../../../avr/lib/avr4\libm.a(addsf3x.o)
 .text          0x00000b1a        0x0 c:/winavr-20100110/bin/../lib/gcc/avr/4.3.3/../../../../avr/lib/avr4\libm.a(cmpsf2.o)
 .text          0x00000b1a        0x0 c:/winavr-20100110/bin/../lib/gcc/avr/4.3.3/../../../../avr/lib/avr4\libm.a(divsf3.o)
 .text          0x00000b1a        0x0 c:/winavr-20100110/bin/../lib/gcc/avr/4.3.3/../../../../avr/lib/avr4\libm.a(divsf3x.o)
 .text          0x00000b1a        0x0 c:/winavr-20100110/bin/../lib/gcc/avr/4.3.3/../../../../avr/lib/avr4\libm.a(fixunssfsi.o)
 .text          0x00000b1a        0x0 c:/winavr-20100110/bin/../lib/gcc/avr/4.3.3/../../../../avr/lib/avr4\libm.a(floatsisf.o)
 .text          0x00000b1a        0x0 c:/winavr-20100110/bin/../lib/gcc/avr/4.3.3/../../../../avr/lib/avr4\libm.a(fp_cmp.o)
 .text          0x00000b1a        0x0 c:/winavr-20100110/bin/../lib/gcc/avr/4.3.3/../../../../avr/lib/avr4\libm.a(fp_inf.o)
 .text          0x00000b1a        0x0 c:/winavr-20100110/bin/../lib/gcc/avr/4.3.3/../../../../avr/lib/avr4\libm.a(fp_nan.o)
 .text          0x00000b1a        0x0 c:/winavr-20100110/bin/../lib/gcc/avr/4.3.3/../../../../avr/lib/avr4\libm.a(fp_pscA.o)
 .text          0x00000b1a        0x0 c:/winavr-20100110/bin/../lib/gcc/avr/4.3.3/../../../../avr/lib/avr4\libm.a(fp_pscB.o)
 .text          0x00000b1a        0x0 c:/winavr-20100110/bin/../lib/gcc/avr/4.3.3/../../../../avr/lib/avr4\libm.a(fp_round.o)
 .text          0x00000b1a        0x0 c:/winavr-20100110/bin/../lib/gcc/avr/4.3.3/../../../../avr/lib/avr4\libm.a(fp_split3.o)
 .text          0x00000b1a        0x0 c:/winavr-20100110/bin/../lib/gcc/avr/4.3.3/../../../../avr/lib/avr4\libm.a(fp_zero.o)
 .text          0x00000b1a        0x0 c:/winavr-20100110/bin/../lib/gcc/avr/4.3.3/../../../../avr/lib/avr4\libm.a(mulsf3.o)
 .text          0x00000b1a        0x0 c:/winavr-20100110/bin/../lib/gcc/avr/4.3.3/../../../../avr/lib/avr4\libm.a(mulsf3x.o)
 .text          0x00000b1a        0x0 c:/winavr-20100110/bin/../lib/gcc/avr/4.3.3/avr4\libgcc.a(_exit.o)
 .text          0x00000b1a        0x0 c:/winavr-20100110/bin/../lib/gcc/avr/4.3.3/avr4\libgcc.a(_copy_data.o)
 .text          0x00000b1a        0x0 c:/winavr-20100110/bin/../lib/gcc/avr/4.3.3/avr4\libgcc.a(_clear_bss.o)
 .text          0x00000b1a        0x0 c:/winavr-20100110/bin/../lib/gcc/avr/4.3.3/../../../../avr/lib/avr4\libc.a(memset.o)
                0x00000b1a                . = ALIGN (0x2)
 *(.text.*)
 .text.avr-libc.fplib
                0x00000b1a        0xa c:/winavr-20100110/bin/../lib/gcc/avr/4.3.3/../../../../avr/lib/avr4\libm.a(addsf3.o)
                0x00000b1a                __subsf3
                0x00000b1c                __addsf3
 .text.avr-libc.fplib
                0x00000b24       0xc0 c:/winavr-20100110/bin/../lib/gcc/avr/4.3.3/../../../../avr/lib/avr4\libm.a(addsf3x.o)
                0x00000b3e                __addsf3x
 .text.avr-libc.fplib
                0x00000be4        0x8 c:/winavr-20100110/bin/../lib/gcc/avr/4.3.3/../../../../avr/lib/avr4\libm.a(cmpsf2.o)
                0x00000be4                __lesf2
                0x00000be4                __nesf2
                0x00000be4                __eqsf2
                0x00000be4                __cmpsf2
                0x00000be4                __ltsf2
 .text.avr-libc.fplib
                0x00000bec        0x4 c:/winavr-20100110/bin/../lib/gcc/avr/4.3.3/../../../../avr/lib/avr4\libm.a(divsf3.o)
                0x00000bec                __divsf3
 .text.avr-libc.fplib
                0x00000bf0       0xcc c:/winavr-20100110/bin/../lib/gcc/avr/4.3.3/../../../../avr/lib/avr4\libm.a(divsf3x.o)
                0x00000c06                __divsf3x
                0x00000c0a                __divsf3_pse
 .text.avr-libc.fplib
                0x00000cbc       0x58 c:/winavr-20100110/bin/../lib/gcc/avr/4.3.3/../../../../avr/lib/avr4\libm.a(fixunssfsi.o)
                0x00000cbc                __fixunssfsi
 .text.avr-libc.fplib
                0x00000d14       0x7a c:/winavr-20100110/bin/../lib/gcc/avr/4.3.3/../../../../avr/lib/avr4\libm.a(floatsisf.o)
                0x00000d18                __floatsisf
                0x00000d14                __floatunsisf
 .text.avr-libc.fplib
                0x00000d8e       0x48 c:/winavr-20100110/bin/../lib/gcc/avr/4.3.3/../../../../avr/lib/avr4\libm.a(fp_cmp.o)
                0x00000d8e                __fp_cmp
 .text.avr-libc.fplib
                0x00000dd6        0xc c:/winavr-20100110/bin/../lib/gcc/avr/4.3.3/../../../../avr/lib/avr4\libm.a(fp_inf.o)
                0x00000dd6                __fp_inf
 .text.avr-libc.fplib
                0x00000de2        0x6 c:/winavr-20100110/bin/../lib/gcc/avr/4.3.3/../../../../avr/lib/avr4\libm.a(fp_nan.o)
                0x00000de2                __fp_nan
 .text.avr-libc.fplib
                0x00000de8        0xe c:/winavr-20100110/bin/../lib/gcc/avr/4.3.3/../../../../avr/lib/avr4\libm.a(fp_pscA.o)
                0x00000de8                __fp_pscA
 .text.avr-libc.fplib
                0x00000df6        0xe c:/winavr-20100110/bin/../lib/gcc/avr/4.3.3/../../../../avr/lib/avr4\libm.a(fp_pscB.o)
                0x00000df6                __fp_pscB
 .text.avr-libc.fplib
                0x00000e04       0x22 c:/winavr-20100110/bin/../lib/gcc/avr/4.3.3/../../../../avr/lib/avr4\libm.a(fp_round.o)
                0x00000e04                __fp_round
 .text.avr-libc.fplib
                0x00000e26       0x44 c:/winavr-20100110/bin/../lib/gcc/avr/4.3.3/../../../../avr/lib/avr4\libm.a(fp_split3.o)
                0x00000e26                __fp_split3
                0x00000e36                __fp_splitA
 .text.avr-libc.fplib
                0x00000e6a        0xe c:/winavr-20100110/bin/../lib/gcc/avr/4.3.3/../../../../avr/lib/avr4\libm.a(fp_zero.o)
                0x00000e6a                __fp_zero
                0x00000e6c                __fp_szero
 .text.avr-libc.fplib
                0x00000e78        0x4 c:/winavr-20100110/bin/../lib/gcc/avr/4.3.3/../../../../avr/lib/avr4\libm.a(mulsf3.o)
                0x00000e78                __mulsf3
 .text.avr-libc.fplib
                0x00000e7c       0xc2 c:/winavr-20100110/bin/../lib/gcc/avr/4.3.3/../../../../avr/lib/avr4\libm.a(mulsf3x.o)
                0x00000e94                __mulsf3_pse
                0x00000e90                __mulsf3x
 .text.libgcc   0x00000f3e        0x0 c:/winavr-20100110/bin/../lib/gcc/avr/4.3.3/avr4\libgcc.a(_exit.o)
 .text.libgcc   0x00000f3e        0x0 c:/winavr-20100110/bin/../lib/gcc/avr/4.3.3/avr4\libgcc.a(_copy_data.o)
 .text.libgcc   0x00000f3e        0x0 c:/winavr-20100110/bin/../lib/gcc/avr/4.3.3/avr4\libgcc.a(_clear_bss.o)
 .text.avr-libc
                0x00000f3e        0xe c:/winavr-20100110/bin/../lib/gcc/avr/4.3.3/../../../../avr/lib/avr4\libc.a(memset.o)
                0x00000f3e                memset
                0x00000f4c                . = ALIGN (0x2)
 *(.fini9)
 .fini9         0x00000f4c        0x0 c:/winavr-20100110/bin/../lib/gcc/avr/4.3.3/avr4\libgcc.a(_exit.o)
                0x00000f4c                exit
                0x00000f4c                _exit
 *(.fini9)
 *(.fini8)
 *(.fini8)
 *(.fini7)
 *(.fini7)
 *(.fini6)
 *(.fini6)
 *(.fini5)
 *(.fini5)
 *(.fini4)
 *(.fini4)
 *(.fini3)
 *(.fini3)
 *(.fini2)
 *(.fini2)
 *(.fini1)
 *(.fini1)
 *(.fini0)
 .fini0         0x00000f4c        0x4 c:/winavr-20100110/bin/../lib/gcc/avr/4.3.3/avr4\libgcc.a(_exit.o)
 *(.fini0)
                0x00000f50                _etext = .

.data           0x00800100       0x5a load address 0x00000f50
                0x00800100                PROVIDE (__data_start, .)
 *(.data)
 .data          0x00800100        0x0 c:/winavr-20100110/bin/../lib/gcc/avr/4.3.3/../../../../avr/lib/avr4/crtm48p.o
 .data          0x00800100       0x4a A7139.o
                0x00800100                A7139Config
                0x00800140                A7139Config_PageB
                0x00800120                A7139Config_PageA
 .data          0x0080014a        0xf main.o
                0x0080014a                tBuf
                0x00800152                P3
                0x00800151                total
 .data          0x00800159        0x0 c:/winavr-20100110/bin/../lib/gcc/avr/4.3.3/../../../../avr/lib/avr4\libm.a(addsf3.o)
 .data          0x00800159        0x0 c:/winavr-20100110/bin/../lib/gcc/avr/4.3.3/../../../../avr/lib/avr4\libm.a(addsf3x.o)
 .data          0x00800159        0x0 c:/winavr-20100110/bin/../lib/gcc/avr/4.3.3/../../../../avr/lib/avr4\libm.a(cmpsf2.o)
 .data          0x00800159        0x0 c:/winavr-20100110/bin/../lib/gcc/avr/4.3.3/../../../../avr/lib/avr4\libm.a(divsf3.o)
 .data          0x00800159        0x0 c:/winavr-20100110/bin/../lib/gcc/avr/4.3.3/../../../../avr/lib/avr4\libm.a(divsf3x.o)
 .data          0x00800159        0x0 c:/winavr-20100110/bin/../lib/gcc/avr/4.3.3/../../../../avr/lib/avr4\libm.a(fixunssfsi.o)
 .data          0x00800159        0x0 c:/winavr-20100110/bin/../lib/gcc/avr/4.3.3/../../../../avr/lib/avr4\libm.a(floatsisf.o)
 .data          0x00800159        0x0 c:/winavr-20100110/bin/../lib/gcc/avr/4.3.3/../../../../avr/lib/avr4\libm.a(fp_cmp.o)
 .data          0x00800159        0x0 c:/winavr-20100110/bin/../lib/gcc/avr/4.3.3/../../../../avr/lib/avr4\libm.a(fp_inf.o)
 .data          0x00800159        0x0 c:/winavr-20100110/bin/../lib/gcc/avr/4.3.3/../../../../avr/lib/avr4\libm.a(fp_nan.o)
 .data          0x00800159        0x0 c:/winavr-20100110/bin/../lib/gcc/avr/4.3.3/../../../../avr/lib/avr4\libm.a(fp_pscA.o)
 .data          0x00800159        0x0 c:/winavr-20100110/bin/../lib/gcc/avr/4.3.3/../../../../avr/lib/avr4\libm.a(fp_pscB.o)
 .data          0x00800159        0x0 c:/winavr-20100110/bin/../lib/gcc/avr/4.3.3/../../../../avr/lib/avr4\libm.a(fp_round.o)
 .data          0x00800159        0x0 c:/winavr-20100110/bin/../lib/gcc/avr/4.3.3/../../../../avr/lib/avr4\libm.a(fp_split3.o)
 .data          0x00800159        0x0 c:/winavr-20100110/bin/../lib/gcc/avr/4.3.3/../../../../avr/lib/avr4\libm.a(fp_zero.o)
 .data          0x00800159        0x0 c:/winavr-20100110/bin/../lib/gcc/avr/4.3.3/../../../../avr/lib/avr4\libm.a(mulsf3.o)
 .data          0x00800159        0x0 c:/winavr-20100110/bin/../lib/gcc/avr/4.3.3/../../../../avr/lib/avr4\libm.a(mulsf3x.o)
 .data          0x00800159        0x0 c:/winavr-20100110/bin/../lib/gcc/avr/4.3.3/avr4\libgcc.a(_exit.o)
 .data          0x00800159        0x0 c:/winavr-20100110/bin/../lib/gcc/avr/4.3.3/avr4\libgcc.a(_copy_data.o)
 .data          0x00800159        0x0 c:/winavr-20100110/bin/../lib/gcc/avr/4.3.3/avr4\libgcc.a(_clear_bss.o)
 .data          0x00800159        0x0 c:/winavr-20100110/bin/../lib/gcc/avr/4.3.3/../../../../avr/lib/avr4\libc.a(memset.o)
 *(.data*)
 *(.rodata)
 *(.rodata*)
 *(.gnu.linkonce.d*)
                0x0080015a                . = ALIGN (0x2)
 *fill*         0x00800159        0x1 00
                0x0080015a                _edata = .
                0x0080015a                PROVIDE (__data_end, .)

.bss            0x0080015a       0x1c
                0x0080015a                PROVIDE (__bss_start, .)
 *(.bss)
 .bss           0x0080015a        0x0 c:/winavr-20100110/bin/../lib/gcc/avr/4.3.3/../../../../avr/lib/avr4/crtm48p.o
 .bss           0x0080015a        0x0 A7139.o
 .bss           0x0080015a       0x1c main.o
                0x0080015a                sFlag
                0x0080015b                uBuf
                0x00800170                U0Ready
                0x00800172                T0Flag
                0x00800175                timeout
                0x00800171                count
                0x0080016f                U0Count
                0x00800173                t1Count
 .bss           0x00800176        0x0 c:/winavr-20100110/bin/../lib/gcc/avr/4.3.3/../../../../avr/lib/avr4\libm.a(addsf3.o)
 .bss           0x00800176        0x0 c:/winavr-20100110/bin/../lib/gcc/avr/4.3.3/../../../../avr/lib/avr4\libm.a(addsf3x.o)
 .bss           0x00800176        0x0 c:/winavr-20100110/bin/../lib/gcc/avr/4.3.3/../../../../avr/lib/avr4\libm.a(cmpsf2.o)
 .bss           0x00800176        0x0 c:/winavr-20100110/bin/../lib/gcc/avr/4.3.3/../../../../avr/lib/avr4\libm.a(divsf3.o)
 .bss           0x00800176        0x0 c:/winavr-20100110/bin/../lib/gcc/avr/4.3.3/../../../../avr/lib/avr4\libm.a(divsf3x.o)
 .bss           0x00800176        0x0 c:/winavr-20100110/bin/../lib/gcc/avr/4.3.3/../../../../avr/lib/avr4\libm.a(fixunssfsi.o)
 .bss           0x00800176        0x0 c:/winavr-20100110/bin/../lib/gcc/avr/4.3.3/../../../../avr/lib/avr4\libm.a(floatsisf.o)
 .bss           0x00800176        0x0 c:/winavr-20100110/bin/../lib/gcc/avr/4.3.3/../../../../avr/lib/avr4\libm.a(fp_cmp.o)
 .bss           0x00800176        0x0 c:/winavr-20100110/bin/../lib/gcc/avr/4.3.3/../../../../avr/lib/avr4\libm.a(fp_inf.o)
 .bss           0x00800176        0x0 c:/winavr-20100110/bin/../lib/gcc/avr/4.3.3/../../../../avr/lib/avr4\libm.a(fp_nan.o)
 .bss           0x00800176        0x0 c:/winavr-20100110/bin/../lib/gcc/avr/4.3.3/../../../../avr/lib/avr4\libm.a(fp_pscA.o)
 .bss           0x00800176        0x0 c:/winavr-20100110/bin/../lib/gcc/avr/4.3.3/../../../../avr/lib/avr4\libm.a(fp_pscB.o)
 .bss           0x00800176        0x0 c:/winavr-20100110/bin/../lib/gcc/avr/4.3.3/../../../../avr/lib/avr4\libm.a(fp_round.o)
 .bss           0x00800176        0x0 c:/winavr-20100110/bin/../lib/gcc/avr/4.3.3/../../../../avr/lib/avr4\libm.a(fp_split3.o)
 .bss           0x00800176        0x0 c:/winavr-20100110/bin/../lib/gcc/avr/4.3.3/../../../../avr/lib/avr4\libm.a(fp_zero.o)
 .bss           0x00800176        0x0 c:/winavr-20100110/bin/../lib/gcc/avr/4.3.3/../../../../avr/lib/avr4\libm.a(mulsf3.o)
 .bss           0x00800176        0x0 c:/winavr-20100110/bin/../lib/gcc/avr/4.3.3/../../../../avr/lib/avr4\libm.a(mulsf3x.o)
 .bss           0x00800176        0x0 c:/winavr-20100110/bin/../lib/gcc/avr/4.3.3/avr4\libgcc.a(_exit.o)
 .bss           0x00800176        0x0 c:/winavr-20100110/bin/../lib/gcc/avr/4.3.3/avr4\libgcc.a(_copy_data.o)
 .bss           0x00800176        0x0 c:/winavr-20100110/bin/../lib/gcc/avr/4.3.3/avr4\libgcc.a(_clear_bss.o)
 .bss           0x00800176        0x0 c:/winavr-20100110/bin/../lib/gcc/avr/4.3.3/../../../../avr/lib/avr4\libc.a(memset.o)
 *(.bss*)
 *(COMMON)
                0x00800176                PROVIDE (__bss_end, .)
                0x00000f50                __data_load_start = LOADADDR (.data)
                0x00000faa                __data_load_end = (__data_load_start + SIZEOF (.data))

.noinit         0x00800176        0x0
                0x00800176                PROVIDE (__noinit_start, .)
 *(.noinit*)
                0x00800176                PROVIDE (__noinit_end, .)
                0x00800176                _end = .
                0x00800176                PROVIDE (__heap_start, .)

.eeprom         0x00810000        0x0
 *(.eeprom*)
                0x00810000                __eeprom_end = .

.fuse
 *(.fuse)
 *(.lfuse)
 *(.hfuse)
 *(.efuse)

.lock
 *(.lock*)

.signature
 *(.signature*)

.stab
 *(.stab)

.stabstr
 *(.stabstr)

.stab.excl
 *(.stab.excl)

.stab.exclstr
 *(.stab.exclstr)

.stab.index
 *(.stab.index)

.stab.indexstr
 *(.stab.indexstr)

.comment
 *(.comment)

.debug
 *(.debug)

.line
 *(.line)

.debug_srcinfo
 *(.debug_srcinfo)

.debug_sfnames
 *(.debug_sfnames)

.debug_aranges  0x00000000       0x40
 *(.debug_aranges)
 .debug_aranges
                0x00000000       0x20 A7139.o
 .debug_aranges
                0x00000020       0x20 main.o

.debug_pubnames
                0x00000000      0x2d2
 *(.debug_pubnames)
 .debug_pubnames
                0x00000000      0x1b9 A7139.o
 .debug_pubnames
                0x000001b9      0x119 main.o

.debug_info     0x00000000      0xf95
 *(.debug_info)
 .debug_info    0x00000000      0xaa1 A7139.o
 .debug_info    0x00000aa1      0x4f4 main.o
 *(.gnu.linkonce.wi.*)

.debug_abbrev   0x00000000      0x47e
 *(.debug_abbrev)
 .debug_abbrev  0x00000000      0x270 A7139.o
 .debug_abbrev  0x00000270      0x20e main.o

.debug_line     0x00000000      0xe2a
 *(.debug_line)
 .debug_line    0x00000000      0x94a A7139.o
 .debug_line    0x0000094a      0x4e0 main.o

.debug_frame    0x00000000      0x260
 *(.debug_frame)
 .debug_frame   0x00000000      0x1a0 A7139.o
 .debug_frame   0x000001a0       0xc0 main.o

.debug_str      0x00000000      0x418
 *(.debug_str)
 .debug_str     0x00000000      0x35c A7139.o
                                0x396 (size before relaxing)
 .debug_str     0x0000035c       0xbc main.o
                                0x1c0 (size before relaxing)

.debug_loc      0x00000000      0x802
 *(.debug_loc)
 .debug_loc     0x00000000      0x64f A7139.o
 .debug_loc     0x0000064f      0x1b3 main.o

.debug_macinfo
 *(.debug_macinfo)
OUTPUT(main.elf elf32-avr)
LOAD linker stubs

.debug_ranges   0x00000000       0xc8
 .debug_ranges  0x00000000       0x80 A7139.o
 .debug_ranges  0x00000080       0x48 main.o

Cross Reference Table

Symbol                                            File
A7139Config                                       A7139.o
A7139Config_PageA                                 A7139.o
A7139Config_PageB                                 A7139.o
A7139Send                                         main.o
A7139_GetRSSI                                     A7139.o
A7139_Init                                        A7139.o
                                                  main.o
A7139_IsBatteryLow                                A7139.o
A7139_ReadCID                                     A7139.o
                                                  main.o
A7139_ReadFIFO                                    A7139.o
                                                  main.o
A7139_ReadPID                                     A7139.o
A7139_SetCID                                      A7139.o
A7139_SetDataRate                                 A7139.o
A7139_SetPackLen                                  A7139.o
                                                  main.o
A7139_SetPowerLevel                               A7139.o
                                                  main.o
A7139_WOR_ByPreamble                              A7139.o
A7139_WOR_BySync                                  A7139.o
A7139_WOT                                         A7139.o
A7139_WriteFIFO                                   A7139.o
                                                  main.o
P3                                                main.o
PortInit                                          main.o
RecvData                                          main.o
SPIx_ReadByte                                     A7139.o
SPIx_ReadWord                                     A7139.o
SPIx_WriteByte                                    A7139.o
SPIx_WriteWord                                    A7139.o
StopScan                                          main.o
StrobeCmd                                         A7139.o
                                                  main.o
T0Flag                                            main.o
U0Count                                           main.o
U0Ready                                           main.o
U0Send                                            main.o
UartInit                                          main.o
__addsf3                                          c:/winavr-20100110/bin/../lib/gcc/avr/4.3.3/../../../../avr/lib/avr4\libm.a(addsf3.o)
__addsf3x                                         c:/winavr-20100110/bin/../lib/gcc/avr/4.3.3/../../../../avr/lib/avr4\libm.a(addsf3x.o)
                                                  c:/winavr-20100110/bin/../lib/gcc/avr/4.3.3/../../../../avr/lib/avr4\libm.a(addsf3.o)
__bad_interrupt                                   c:/winavr-20100110/bin/../lib/gcc/avr/4.3.3/../../../../avr/lib/avr4/crtm48p.o
__bss_end                                         c:/winavr-20100110/bin/../lib/gcc/avr/4.3.3/avr4\libgcc.a(_clear_bss.o)
__bss_start                                       c:/winavr-20100110/bin/../lib/gcc/avr/4.3.3/avr4\libgcc.a(_clear_bss.o)
__cmpsf2                                          c:/winavr-20100110/bin/../lib/gcc/avr/4.3.3/../../../../avr/lib/avr4\libm.a(cmpsf2.o)
__data_end                                        c:/winavr-20100110/bin/../lib/gcc/avr/4.3.3/avr4\libgcc.a(_copy_data.o)
__data_load_start                                 c:/winavr-20100110/bin/../lib/gcc/avr/4.3.3/avr4\libgcc.a(_copy_data.o)
__data_start                                      c:/winavr-20100110/bin/../lib/gcc/avr/4.3.3/avr4\libgcc.a(_copy_data.o)
__divsf3                                          c:/winavr-20100110/bin/../lib/gcc/avr/4.3.3/../../../../avr/lib/avr4\libm.a(divsf3.o)
                                                  A7139.o
__divsf3_pse                                      c:/winavr-20100110/bin/../lib/gcc/avr/4.3.3/../../../../avr/lib/avr4\libm.a(divsf3x.o)
__divsf3x                                         c:/winavr-20100110/bin/../lib/gcc/avr/4.3.3/../../../../avr/lib/avr4\libm.a(divsf3x.o)
                                                  c:/winavr-20100110/bin/../lib/gcc/avr/4.3.3/../../../../avr/lib/avr4\libm.a(divsf3.o)
__do_clear_bss                                    c:/winavr-20100110/bin/../lib/gcc/avr/4.3.3/avr4\libgcc.a(_clear_bss.o)
                                                  main.o
__do_copy_data                                    c:/winavr-20100110/bin/../lib/gcc/avr/4.3.3/avr4\libgcc.a(_copy_data.o)
                                                  main.o
                                                  A7139.o
__eqsf2                                           c:/winavr-20100110/bin/../lib/gcc/avr/4.3.3/../../../../avr/lib/avr4\libm.a(cmpsf2.o)
__fixunssfsi                                      c:/winavr-20100110/bin/../lib/gcc/avr/4.3.3/../../../../avr/lib/avr4\libm.a(fixunssfsi.o)
                                                  A7139.o
__floatsisf                                       c:/winavr-20100110/bin/../lib/gcc/avr/4.3.3/../../../../avr/lib/avr4\libm.a(floatsisf.o)
                                                  A7139.o
__floatunsisf                                     c:/winavr-20100110/bin/../lib/gcc/avr/4.3.3/../../../../avr/lib/avr4\libm.a(floatsisf.o)
__fp_cmp                                          c:/winavr-20100110/bin/../lib/gcc/avr/4.3.3/../../../../avr/lib/avr4\libm.a(fp_cmp.o)
                                                  c:/winavr-20100110/bin/../lib/gcc/avr/4.3.3/../../../../avr/lib/avr4\libm.a(cmpsf2.o)
__fp_inf                                          c:/winavr-20100110/bin/../lib/gcc/avr/4.3.3/../../../../avr/lib/avr4\libm.a(fp_inf.o)
                                                  c:/winavr-20100110/bin/../lib/gcc/avr/4.3.3/../../../../avr/lib/avr4\libm.a(mulsf3x.o)
                                                  c:/winavr-20100110/bin/../lib/gcc/avr/4.3.3/../../../../avr/lib/avr4\libm.a(divsf3x.o)
                                                  c:/winavr-20100110/bin/../lib/gcc/avr/4.3.3/../../../../avr/lib/avr4\libm.a(addsf3x.o)
__fp_nan                                          c:/winavr-20100110/bin/../lib/gcc/avr/4.3.3/../../../../avr/lib/avr4\libm.a(fp_nan.o)
                                                  c:/winavr-20100110/bin/../lib/gcc/avr/4.3.3/../../../../avr/lib/avr4\libm.a(mulsf3x.o)
                                                  c:/winavr-20100110/bin/../lib/gcc/avr/4.3.3/../../../../avr/lib/avr4\libm.a(divsf3x.o)
                                                  c:/winavr-20100110/bin/../lib/gcc/avr/4.3.3/../../../../avr/lib/avr4\libm.a(addsf3x.o)
__fp_pscA                                         c:/winavr-20100110/bin/../lib/gcc/avr/4.3.3/../../../../avr/lib/avr4\libm.a(fp_pscA.o)
                                                  c:/winavr-20100110/bin/../lib/gcc/avr/4.3.3/../../../../avr/lib/avr4\libm.a(mulsf3x.o)
                                                  c:/winavr-20100110/bin/../lib/gcc/avr/4.3.3/../../../../avr/lib/avr4\libm.a(divsf3x.o)
                                                  c:/winavr-20100110/bin/../lib/gcc/avr/4.3.3/../../../../avr/lib/avr4\libm.a(addsf3x.o)
__fp_pscB                                         c:/winavr-20100110/bin/../lib/gcc/avr/4.3.3/../../../../avr/lib/avr4\libm.a(fp_pscB.o)
                                                  c:/winavr-20100110/bin/../lib/gcc/avr/4.3.3/../../../../avr/lib/avr4\libm.a(mulsf3x.o)
                                                  c:/winavr-20100110/bin/../lib/gcc/avr/4.3.3/../../../../avr/lib/avr4\libm.a(divsf3x.o)
                                                  c:/winavr-20100110/bin/../lib/gcc/avr/4.3.3/../../../../avr/lib/avr4\libm.a(addsf3x.o)
__fp_round                                        c:/winavr-20100110/bin/../lib/gcc/avr/4.3.3/../../../../avr/lib/avr4\libm.a(fp_round.o)
                                                  c:/winavr-20100110/bin/../lib/gcc/avr/4.3.3/../../../../avr/lib/avr4\libm.a(mulsf3.o)
                                                  c:/winavr-20100110/bin/../lib/gcc/avr/4.3.3/../../../../avr/lib/avr4\libm.a(divsf3.o)
                                                  c:/winavr-20100110/bin/../lib/gcc/avr/4.3.3/../../../../avr/lib/avr4\libm.a(addsf3.o)
__fp_split3                                       c:/winavr-20100110/bin/../lib/gcc/avr/4.3.3/../../../../avr/lib/avr4\libm.a(fp_split3.o)
                                                  c:/winavr-20100110/bin/../lib/gcc/avr/4.3.3/../../../../avr/lib/avr4\libm.a(mulsf3x.o)
                                                  c:/winavr-20100110/bin/../lib/gcc/avr/4.3.3/../../../../avr/lib/avr4\libm.a(divsf3x.o)
                                                  c:/winavr-20100110/bin/../lib/gcc/avr/4.3.3/../../../../avr/lib/avr4\libm.a(addsf3x.o)
__fp_splitA                                       c:/winavr-20100110/bin/../lib/gcc/avr/4.3.3/../../../../avr/lib/avr4\libm.a(fp_split3.o)
                                                  c:/winavr-20100110/bin/../lib/gcc/avr/4.3.3/../../../../avr/lib/avr4\libm.a(fixunssfsi.o)
__fp_szero                                        c:/winavr-20100110/bin/../lib/gcc/avr/4.3.3/../../../../avr/lib/avr4\libm.a(fp_zero.o)
                                                  c:/winavr-20100110/bin/../lib/gcc/avr/4.3.3/../../../../avr/lib/avr4\libm.a(mulsf3x.o)
                                                  c:/winavr-20100110/bin/../lib/gcc/avr/4.3.3/../../../../avr/lib/avr4\libm.a(divsf3x.o)
__fp_zero                                         c:/winavr-20100110/bin/../lib/gcc/avr/4.3.3/../../../../avr/lib/avr4\libm.a(fp_zero.o)
                                                  c:/winavr-20100110/bin/../lib/gcc/avr/4.3.3/../../../../avr/lib/avr4\libm.a(fixunssfsi.o)
                                                  c:/winavr-20100110/bin/../lib/gcc/avr/4.3.3/../../../../avr/lib/avr4\libm.a(addsf3x.o)
__heap_end                                        c:/winavr-20100110/bin/../lib/gcc/avr/4.3.3/../../../../avr/lib/avr4/crtm48p.o
__init                                            c:/winavr-20100110/bin/../lib/gcc/avr/4.3.3/../../../../avr/lib/avr4/crtm48p.o
__lesf2                                           c:/winavr-20100110/bin/../lib/gcc/avr/4.3.3/../../../../avr/lib/avr4\libm.a(cmpsf2.o)
__ltsf2                                           c:/winavr-20100110/bin/../lib/gcc/avr/4.3.3/../../../../avr/lib/avr4\libm.a(cmpsf2.o)
                                                  A7139.o
__mulsf3                                          c:/winavr-20100110/bin/../lib/gcc/avr/4.3.3/../../../../avr/lib/avr4\libm.a(mulsf3.o)
                                                  A7139.o
__mulsf3_pse                                      c:/winavr-20100110/bin/../lib/gcc/avr/4.3.3/../../../../avr/lib/avr4\libm.a(mulsf3x.o)
__mulsf3x                                         c:/winavr-20100110/bin/../lib/gcc/avr/4.3.3/../../../../avr/lib/avr4\libm.a(mulsf3x.o)
                                                  c:/winavr-20100110/bin/../lib/gcc/avr/4.3.3/../../../../avr/lib/avr4\libm.a(mulsf3.o)
__nesf2                                           c:/winavr-20100110/bin/../lib/gcc/avr/4.3.3/../../../../avr/lib/avr4\libm.a(cmpsf2.o)
__stack                                           c:/winavr-20100110/bin/../lib/gcc/avr/4.3.3/../../../../avr/lib/avr4/crtm48p.o
__subsf3                                          c:/winavr-20100110/bin/../lib/gcc/avr/4.3.3/../../../../avr/lib/avr4\libm.a(addsf3.o)
                                                  A7139.o
__vector_1                                        c:/winavr-20100110/bin/../lib/gcc/avr/4.3.3/../../../../avr/lib/avr4/crtm48p.o
__vector_10                                       c:/winavr-20100110/bin/../lib/gcc/avr/4.3.3/../../../../avr/lib/avr4/crtm48p.o
__vector_11                                       c:/winavr-20100110/bin/../lib/gcc/avr/4.3.3/../../../../avr/lib/avr4/crtm48p.o
__vector_12                                       c:/winavr-20100110/bin/../lib/gcc/avr/4.3.3/../../../../avr/lib/avr4/crtm48p.o
__vector_13                                       main.o
                                                  c:/winavr-20100110/bin/../lib/gcc/avr/4.3.3/../../../../avr/lib/avr4/crtm48p.o
__vector_14                                       c:/winavr-20100110/bin/../lib/gcc/avr/4.3.3/../../../../avr/lib/avr4/crtm48p.o
__vector_15                                       c:/winavr-20100110/bin/../lib/gcc/avr/4.3.3/../../../../avr/lib/avr4/crtm48p.o
__vector_16                                       main.o
                                                  c:/winavr-20100110/bin/../lib/gcc/avr/4.3.3/../../../../avr/lib/avr4/crtm48p.o
__vector_17                                       c:/winavr-20100110/bin/../lib/gcc/avr/4.3.3/../../../../avr/lib/avr4/crtm48p.o
__vector_18                                       main.o
                                                  c:/winavr-20100110/bin/../lib/gcc/avr/4.3.3/../../../../avr/lib/avr4/crtm48p.o
__vector_19                                       c:/winavr-20100110/bin/../lib/gcc/avr/4.3.3/../../../../avr/lib/avr4/crtm48p.o
__vector_2                                        c:/winavr-20100110/bin/../lib/gcc/avr/4.3.3/../../../../avr/lib/avr4/crtm48p.o
__vector_20                                       c:/winavr-20100110/bin/../lib/gcc/avr/4.3.3/../../../../avr/lib/avr4/crtm48p.o
__vector_21                                       c:/winavr-20100110/bin/../lib/gcc/avr/4.3.3/../../../../avr/lib/avr4/crtm48p.o
__vector_22                                       c:/winavr-20100110/bin/../lib/gcc/avr/4.3.3/../../../../avr/lib/avr4/crtm48p.o
__vector_23                                       c:/winavr-20100110/bin/../lib/gcc/avr/4.3.3/../../../../avr/lib/avr4/crtm48p.o
__vector_24                                       c:/winavr-20100110/bin/../lib/gcc/avr/4.3.3/../../../../avr/lib/avr4/crtm48p.o
__vector_25                                       c:/winavr-20100110/bin/../lib/gcc/avr/4.3.3/../../../../avr/lib/avr4/crtm48p.o
__vector_3                                        c:/winavr-20100110/bin/../lib/gcc/avr/4.3.3/../../../../avr/lib/avr4/crtm48p.o
__vector_4                                        c:/winavr-20100110/bin/../lib/gcc/avr/4.3.3/../../../../avr/lib/avr4/crtm48p.o
__vector_5                                        c:/winavr-20100110/bin/../lib/gcc/avr/4.3.3/../../../../avr/lib/avr4/crtm48p.o
__vector_6                                        c:/winavr-20100110/bin/../lib/gcc/avr/4.3.3/../../../../avr/lib/avr4/crtm48p.o
__vector_7                                        c:/winavr-20100110/bin/../lib/gcc/avr/4.3.3/../../../../avr/lib/avr4/crtm48p.o
__vector_8                                        c:/winavr-20100110/bin/../lib/gcc/avr/4.3.3/../../../../avr/lib/avr4/crtm48p.o
__vector_9                                        main.o
                                                  c:/winavr-20100110/bin/../lib/gcc/avr/4.3.3/../../../../avr/lib/avr4/crtm48p.o
__vector_default                                  c:/winavr-20100110/bin/../lib/gcc/avr/4.3.3/../../../../avr/lib/avr4/crtm48p.o
__vectors                                         c:/winavr-20100110/bin/../lib/gcc/avr/4.3.3/../../../../avr/lib/avr4/crtm48p.o
_exit                                             c:/winavr-20100110/bin/../lib/gcc/avr/4.3.3/avr4\libgcc.a(_exit.o)
count                                             main.o
exit                                              c:/winavr-20100110/bin/../lib/gcc/avr/4.3.3/avr4\libgcc.a(_exit.o)
                                                  c:/winavr-20100110/bin/../lib/gcc/avr/4.3.3/../../../../avr/lib/avr4/crtm48p.o
main                                              main.o
                                                  c:/winavr-20100110/bin/../lib/gcc/avr/4.3.3/../../../../avr/lib/avr4/crtm48p.o
memset                                            c:/winavr-20100110/bin/../lib/gcc/avr/4.3.3/../../../../avr/lib/avr4\libc.a(memset.o)
                                                  main.o
sFlag                                             main.o
t1Count                                           main.o
tBuf                                              main.o
timeout                                           main.o
total                                             main.o
uBuf                                              main.o
